wandb: Currently logged in as: eso18 (eso18-imperial-college-london). Use `wandb login --relogin` to force relogin
Seed set to 1
GPU available: True (cuda), used: True
TPU available: False, using: 0 TPU cores
IPU available: False, using: 0 IPUs
HPU available: False, using: 0 HPUs
wandb: wandb version 0.24.0 is available!  To upgrade, please run:
wandb:  $ pip install wandb --upgrade
wandb: Tracking run with wandb version 0.16.2
wandb: Run data is saved locally in /rds/general/user/eso18/home/mmvmvae/run_celeba/logs/wandb/run-20260128_145130-lgvti7d0
wandb: Run `wandb offline` to turn off syncing.
wandb: Syncing run devout-energy-68
wandb: ⭐️ View project at https://wandb.ai/eso18-imperial-college-london/mvvae_celeba
wandb: 🚀 View run at https://wandb.ai/eso18-imperial-college-london/mvvae_celeba/runs/lgvti7d0
LOCAL_RANK: 0 - CUDA_VISIBLE_DEVICES: [GPU-d96951fb-d4f9-2efc-621c-d8c4a1678bd1]

  | Name       | Type       | Params
------------------------------------------
0 | encoders   | ModuleList | 9.3 M 
1 | decoders   | ModuleList | 9.2 M 
2 | cov_mat    | ModuleList | 262 K 
3 | transforms | Compose    | 0     
------------------------------------------
18.8 M    Trainable params
0         Non-trainable params
18.8 M    Total params
75.155    Total estimated model params size (MB)
wandb: - 0.009 MB of 0.009 MB uploadedwandb: \ 0.024 MB of 0.058 MB uploadedwandb: 
wandb: Run history:
wandb:                                                 beta annealing ▁▁▁▁▁▁▁▁▁▁▁▁▁▁▁▁▁▁▁▁▁▁▁▁▁▁▁▁▁▁▁▁▁▁▁▁▁▁▁▁
wandb:                                                          epoch ▁▁▁▂▂▂▂▂▂▃▃▃▃▃▄▄▄▄▄▄▅▅▅▅▅▅▆▆▆▆▆▇▇▇▇▇▇███
wandb:                              final_scores/coherence/img_to_img ▁
wandb:                          final_scores/coherence/img_to_img_cov ▁
wandb:                             final_scores/coherence/img_to_text ▁
wandb:                         final_scores/coherence/img_to_text_cov ▁
wandb:                             final_scores/coherence/text_to_img ▁
wandb:                         final_scores/coherence/text_to_img_cov ▁
wandb:                            final_scores/coherence/text_to_text ▁
wandb:                        final_scores/coherence/text_to_text_cov ▁
wandb:                                     final_scores/cond_rec_loss ▁
wandb:                                 final_scores/cond_rec_loss_cov ▁
wandb:                      final_scores/downstream_lr/aggregated/img ▁
wandb:     final_scores/downstream_lr/aggregated/img/5_o_Clock_Shadow ▁
wandb:      final_scores/downstream_lr/aggregated/img/Arched_Eyebrows ▁
wandb:           final_scores/downstream_lr/aggregated/img/Attractive ▁
wandb:      final_scores/downstream_lr/aggregated/img/Bags_Under_Eyes ▁
wandb:                 final_scores/downstream_lr/aggregated/img/Bald ▁
wandb:                final_scores/downstream_lr/aggregated/img/Bangs ▁
wandb:             final_scores/downstream_lr/aggregated/img/Big_Lips ▁
wandb:             final_scores/downstream_lr/aggregated/img/Big_Nose ▁
wandb:           final_scores/downstream_lr/aggregated/img/Black_Hair ▁
wandb:           final_scores/downstream_lr/aggregated/img/Blond_Hair ▁
wandb:               final_scores/downstream_lr/aggregated/img/Blurry ▁
wandb:           final_scores/downstream_lr/aggregated/img/Brown_Hair ▁
wandb:       final_scores/downstream_lr/aggregated/img/Bushy_Eyebrows ▁
wandb:               final_scores/downstream_lr/aggregated/img/Chubby ▁
wandb:          final_scores/downstream_lr/aggregated/img/Double_Chin ▁
wandb:           final_scores/downstream_lr/aggregated/img/Eyeglasses ▁
wandb:               final_scores/downstream_lr/aggregated/img/Goatee ▁
wandb:            final_scores/downstream_lr/aggregated/img/Gray_Hair ▁
wandb:         final_scores/downstream_lr/aggregated/img/Heavy_Makeup ▁
wandb:      final_scores/downstream_lr/aggregated/img/High_Cheekbones ▁
wandb:                 final_scores/downstream_lr/aggregated/img/Male ▁
wandb:  final_scores/downstream_lr/aggregated/img/Mouth_Slightly_Open ▁
wandb:             final_scores/downstream_lr/aggregated/img/Mustache ▁
wandb:          final_scores/downstream_lr/aggregated/img/Narrow_Eyes ▁
wandb:             final_scores/downstream_lr/aggregated/img/No_Beard ▁
wandb:            final_scores/downstream_lr/aggregated/img/Oval_Face ▁
wandb:            final_scores/downstream_lr/aggregated/img/Pale_Skin ▁
wandb:          final_scores/downstream_lr/aggregated/img/Pointy_Nose ▁
wandb:    final_scores/downstream_lr/aggregated/img/Receding_Hairline ▁
wandb:          final_scores/downstream_lr/aggregated/img/Rosy_Cheeks ▁
wandb:            final_scores/downstream_lr/aggregated/img/Sideburns ▁
wandb:              final_scores/downstream_lr/aggregated/img/Smiling ▁
wandb:        final_scores/downstream_lr/aggregated/img/Straight_Hair ▁
wandb:            final_scores/downstream_lr/aggregated/img/Wavy_Hair ▁
wandb:     final_scores/downstream_lr/aggregated/img/Wearing_Earrings ▁
wandb:          final_scores/downstream_lr/aggregated/img/Wearing_Hat ▁
wandb:     final_scores/downstream_lr/aggregated/img/Wearing_Lipstick ▁
wandb:     final_scores/downstream_lr/aggregated/img/Wearing_Necklace ▁
wandb:      final_scores/downstream_lr/aggregated/img/Wearing_Necktie ▁
wandb:                final_scores/downstream_lr/aggregated/img/Young ▁
wandb:                     final_scores/downstream_lr/aggregated/text ▁
wandb:    final_scores/downstream_lr/aggregated/text/5_o_Clock_Shadow ▁
wandb:     final_scores/downstream_lr/aggregated/text/Arched_Eyebrows ▁
wandb:          final_scores/downstream_lr/aggregated/text/Attractive ▁
wandb:     final_scores/downstream_lr/aggregated/text/Bags_Under_Eyes ▁
wandb:                final_scores/downstream_lr/aggregated/text/Bald ▁
wandb:               final_scores/downstream_lr/aggregated/text/Bangs ▁
wandb:            final_scores/downstream_lr/aggregated/text/Big_Lips ▁
wandb:            final_scores/downstream_lr/aggregated/text/Big_Nose ▁
wandb:          final_scores/downstream_lr/aggregated/text/Black_Hair ▁
wandb:          final_scores/downstream_lr/aggregated/text/Blond_Hair ▁
wandb:              final_scores/downstream_lr/aggregated/text/Blurry ▁
wandb:          final_scores/downstream_lr/aggregated/text/Brown_Hair ▁
wandb:      final_scores/downstream_lr/aggregated/text/Bushy_Eyebrows ▁
wandb:              final_scores/downstream_lr/aggregated/text/Chubby ▁
wandb:         final_scores/downstream_lr/aggregated/text/Double_Chin ▁
wandb:          final_scores/downstream_lr/aggregated/text/Eyeglasses ▁
wandb:              final_scores/downstream_lr/aggregated/text/Goatee ▁
wandb:           final_scores/downstream_lr/aggregated/text/Gray_Hair ▁
wandb:        final_scores/downstream_lr/aggregated/text/Heavy_Makeup ▁
wandb:     final_scores/downstream_lr/aggregated/text/High_Cheekbones ▁
wandb:                final_scores/downstream_lr/aggregated/text/Male ▁
wandb: final_scores/downstream_lr/aggregated/text/Mouth_Slightly_Open ▁
wandb:            final_scores/downstream_lr/aggregated/text/Mustache ▁
wandb:         final_scores/downstream_lr/aggregated/text/Narrow_Eyes ▁
wandb:            final_scores/downstream_lr/aggregated/text/No_Beard ▁
wandb:           final_scores/downstream_lr/aggregated/text/Oval_Face ▁
wandb:           final_scores/downstream_lr/aggregated/text/Pale_Skin ▁
wandb:         final_scores/downstream_lr/aggregated/text/Pointy_Nose ▁
wandb:   final_scores/downstream_lr/aggregated/text/Receding_Hairline ▁
wandb:         final_scores/downstream_lr/aggregated/text/Rosy_Cheeks ▁
wandb:           final_scores/downstream_lr/aggregated/text/Sideburns ▁
wandb:             final_scores/downstream_lr/aggregated/text/Smiling ▁
wandb:       final_scores/downstream_lr/aggregated/text/Straight_Hair ▁
wandb:           final_scores/downstream_lr/aggregated/text/Wavy_Hair ▁
wandb:    final_scores/downstream_lr/aggregated/text/Wearing_Earrings ▁
wandb:         final_scores/downstream_lr/aggregated/text/Wearing_Hat ▁
wandb:    final_scores/downstream_lr/aggregated/text/Wearing_Lipstick ▁
wandb:    final_scores/downstream_lr/aggregated/text/Wearing_Necklace ▁
wandb:     final_scores/downstream_lr/aggregated/text/Wearing_Necktie ▁
wandb:               final_scores/downstream_lr/aggregated/text/Young ▁
wandb:                        final_scores/downstream_lr/unimodal/img ▁
wandb:       final_scores/downstream_lr/unimodal/img/5_o_Clock_Shadow ▁
wandb:        final_scores/downstream_lr/unimodal/img/Arched_Eyebrows ▁
wandb:             final_scores/downstream_lr/unimodal/img/Attractive ▁
wandb:        final_scores/downstream_lr/unimodal/img/Bags_Under_Eyes ▁
wandb:                   final_scores/downstream_lr/unimodal/img/Bald ▁
wandb:                  final_scores/downstream_lr/unimodal/img/Bangs ▁
wandb:               final_scores/downstream_lr/unimodal/img/Big_Lips ▁
wandb:               final_scores/downstream_lr/unimodal/img/Big_Nose ▁
wandb:             final_scores/downstream_lr/unimodal/img/Black_Hair ▁
wandb:             final_scores/downstream_lr/unimodal/img/Blond_Hair ▁
wandb:                 final_scores/downstream_lr/unimodal/img/Blurry ▁
wandb:             final_scores/downstream_lr/unimodal/img/Brown_Hair ▁
wandb:         final_scores/downstream_lr/unimodal/img/Bushy_Eyebrows ▁
wandb:                 final_scores/downstream_lr/unimodal/img/Chubby ▁
wandb:            final_scores/downstream_lr/unimodal/img/Double_Chin ▁
wandb:             final_scores/downstream_lr/unimodal/img/Eyeglasses ▁
wandb:                 final_scores/downstream_lr/unimodal/img/Goatee ▁
wandb:              final_scores/downstream_lr/unimodal/img/Gray_Hair ▁
wandb:           final_scores/downstream_lr/unimodal/img/Heavy_Makeup ▁
wandb:        final_scores/downstream_lr/unimodal/img/High_Cheekbones ▁
wandb:                   final_scores/downstream_lr/unimodal/img/Male ▁
wandb:    final_scores/downstream_lr/unimodal/img/Mouth_Slightly_Open ▁
wandb:               final_scores/downstream_lr/unimodal/img/Mustache ▁
wandb:            final_scores/downstream_lr/unimodal/img/Narrow_Eyes ▁
wandb:               final_scores/downstream_lr/unimodal/img/No_Beard ▁
wandb:              final_scores/downstream_lr/unimodal/img/Oval_Face ▁
wandb:              final_scores/downstream_lr/unimodal/img/Pale_Skin ▁
wandb:            final_scores/downstream_lr/unimodal/img/Pointy_Nose ▁
wandb:      final_scores/downstream_lr/unimodal/img/Receding_Hairline ▁
wandb:            final_scores/downstream_lr/unimodal/img/Rosy_Cheeks ▁
wandb:              final_scores/downstream_lr/unimodal/img/Sideburns ▁
wandb:                final_scores/downstream_lr/unimodal/img/Smiling ▁
wandb:          final_scores/downstream_lr/unimodal/img/Straight_Hair ▁
wandb:              final_scores/downstream_lr/unimodal/img/Wavy_Hair ▁
wandb:       final_scores/downstream_lr/unimodal/img/Wearing_Earrings ▁
wandb:            final_scores/downstream_lr/unimodal/img/Wearing_Hat ▁
wandb:       final_scores/downstream_lr/unimodal/img/Wearing_Lipstick ▁
wandb:       final_scores/downstream_lr/unimodal/img/Wearing_Necklace ▁
wandb:        final_scores/downstream_lr/unimodal/img/Wearing_Necktie ▁
wandb:                  final_scores/downstream_lr/unimodal/img/Young ▁
wandb:                       final_scores/downstream_lr/unimodal/text ▁
wandb:      final_scores/downstream_lr/unimodal/text/5_o_Clock_Shadow ▁
wandb:       final_scores/downstream_lr/unimodal/text/Arched_Eyebrows ▁
wandb:            final_scores/downstream_lr/unimodal/text/Attractive ▁
wandb:       final_scores/downstream_lr/unimodal/text/Bags_Under_Eyes ▁
wandb:                  final_scores/downstream_lr/unimodal/text/Bald ▁
wandb:                 final_scores/downstream_lr/unimodal/text/Bangs ▁
wandb:              final_scores/downstream_lr/unimodal/text/Big_Lips ▁
wandb:              final_scores/downstream_lr/unimodal/text/Big_Nose ▁
wandb:            final_scores/downstream_lr/unimodal/text/Black_Hair ▁
wandb:            final_scores/downstream_lr/unimodal/text/Blond_Hair ▁
wandb:                final_scores/downstream_lr/unimodal/text/Blurry ▁
wandb:            final_scores/downstream_lr/unimodal/text/Brown_Hair ▁
wandb:        final_scores/downstream_lr/unimodal/text/Bushy_Eyebrows ▁
wandb:                final_scores/downstream_lr/unimodal/text/Chubby ▁
wandb:           final_scores/downstream_lr/unimodal/text/Double_Chin ▁
wandb:            final_scores/downstream_lr/unimodal/text/Eyeglasses ▁
wandb:                final_scores/downstream_lr/unimodal/text/Goatee ▁
wandb:             final_scores/downstream_lr/unimodal/text/Gray_Hair ▁
wandb:          final_scores/downstream_lr/unimodal/text/Heavy_Makeup ▁
wandb:       final_scores/downstream_lr/unimodal/text/High_Cheekbones ▁
wandb:                  final_scores/downstream_lr/unimodal/text/Male ▁
wandb:   final_scores/downstream_lr/unimodal/text/Mouth_Slightly_Open ▁
wandb:              final_scores/downstream_lr/unimodal/text/Mustache ▁
wandb:           final_scores/downstream_lr/unimodal/text/Narrow_Eyes ▁
wandb:              final_scores/downstream_lr/unimodal/text/No_Beard ▁
wandb:             final_scores/downstream_lr/unimodal/text/Oval_Face ▁
wandb:             final_scores/downstream_lr/unimodal/text/Pale_Skin ▁
wandb:           final_scores/downstream_lr/unimodal/text/Pointy_Nose ▁
wandb:     final_scores/downstream_lr/unimodal/text/Receding_Hairline ▁
wandb:           final_scores/downstream_lr/unimodal/text/Rosy_Cheeks ▁
wandb:             final_scores/downstream_lr/unimodal/text/Sideburns ▁
wandb:               final_scores/downstream_lr/unimodal/text/Smiling ▁
wandb:         final_scores/downstream_lr/unimodal/text/Straight_Hair ▁
wandb:             final_scores/downstream_lr/unimodal/text/Wavy_Hair ▁
wandb:      final_scores/downstream_lr/unimodal/text/Wearing_Earrings ▁
wandb:           final_scores/downstream_lr/unimodal/text/Wearing_Hat ▁
wandb:      final_scores/downstream_lr/unimodal/text/Wearing_Lipstick ▁
wandb:      final_scores/downstream_lr/unimodal/text/Wearing_Necklace ▁
wandb:       final_scores/downstream_lr/unimodal/text/Wearing_Necktie ▁
wandb:                 final_scores/downstream_lr/unimodal/text/Young ▁
wandb:                                          final_scores/rec_loss ▁
wandb:                                            train/loss/klds_avg ▂▁▃▇▅▇▇▇█▇▇▇▇▇▇▆▆▆▇▆▅▅▅▅▅▅▅▄▄▄▄▄▄▄▄▃▄▄▃▄
wandb:                                                train/loss/loss █▇▅▄▄▄▃▃▃▂▂▂▂▂▂▂▂▂▂▂▁▁▁▁▁▁▁▁▁▁▁▁▁▁▁▁▁▁▁▁
wandb:                                            train/loss/loss_rec █▇▅▄▄▄▃▃▃▂▂▂▂▂▂▂▂▂▂▂▁▁▁▁▁▁▁▁▁▁▁▁▁▁▁▁▁▁▁▁
wandb:                                        train/loss/rec_loss_img ▁▄▅▆▆▇▇▆▇▇▇▇▇▇▇▇▆▆▇▇▇▇▇▇▇████▇█▇█▇██▇███
wandb:                                       train/loss/rec_loss_text ▁▂▄▄▅▅▆▆▆▇▇▇▇▇▇▇▇▇█▇████████████████████
wandb:                               train/loss/weighted_rec_loss_img ▁▄▅▆▆▇▇▆▇▇▇▇▇▇▇▇▆▆▇▇▇▇▇▇▇████▇█▇█▇██▇███
wandb:                              train/loss/weighted_rec_loss_text ▁▂▄▄▅▅▆▆▆▇▇▇▇▇▇▇▇▇█▇████████████████████
wandb:                                            trainer/global_step ▁▁▁▂▂▂▂▂▃▃▃▃▃▄▄▄▄▄▅▅▅▅▆▆▆▆▆▇▇▇▇▇████████
wandb:                                    val/loss/avg_rec_loss_epoch █▆▅▄▃▃▃▃▂▂▂▂▂▂▂▂▂▂▂▂▁▁▁▁▁▁▁▁▁▁▁▁▁▁▁▁▁▁▁▁
wandb:                                              val/loss/klds_avg ▂▆▅▆▇█▄▅▅▅▅▅▅▄▅▄▃▄▄▄▃▃▄▅▂▃▃▂▂▃▂▄▁▂▂▁▁▂▂▂
wandb:                                                  val/loss/loss █▆▅▄▃▃▃▃▂▂▂▂▂▂▂▂▂▂▂▂▁▁▁▁▁▁▁▁▁▁▁▁▁▁▁▁▁▁▁▁
wandb:                                              val/loss/loss_rec █▆▅▄▃▃▃▃▂▂▂▂▂▂▂▂▂▂▂▂▁▁▁▁▁▁▁▁▁▁▁▁▁▁▁▁▁▁▁▁
wandb:                                          val/loss/rec_loss_img ▁▃▄▆▆▆▆▇▇▇▇▇▇▇▇▇▇▇▇▇█▇██████████████████
wandb:                                         val/loss/rec_loss_text ▁▃▄▅▆▆▆▆▇▇▇▇▇▇▇▇▇▇▇▇████████████████████
wandb:                                 val/loss/weighted_rec_loss_img ▁▃▄▆▆▆▆▇▇▇▇▇▇▇▇▇▇▇▇▇█▇██████████████████
wandb:                                val/loss/weighted_rec_loss_text ▁▃▄▅▆▆▆▆▇▇▇▇▇▇▇▇▇▇▇▇████████████████████
wandb: 
wandb: Run summary:
wandb:                                                 beta annealing 1.0
wandb:                                                          epoch 41
wandb:                              final_scores/coherence/img_to_img 0.0
wandb:                          final_scores/coherence/img_to_img_cov 0.0
wandb:                             final_scores/coherence/img_to_text 0.0
wandb:                         final_scores/coherence/img_to_text_cov 0.0
wandb:                             final_scores/coherence/text_to_img 0.0
wandb:                         final_scores/coherence/text_to_img_cov 0.0
wandb:                            final_scores/coherence/text_to_text 0.0
wandb:                        final_scores/coherence/text_to_text_cov 0.0
wandb:                                     final_scores/cond_rec_loss 0.0
wandb:                                 final_scores/cond_rec_loss_cov 0.0
wandb:                      final_scores/downstream_lr/aggregated/img 0.0
wandb:     final_scores/downstream_lr/aggregated/img/5_o_Clock_Shadow 0.0
wandb:      final_scores/downstream_lr/aggregated/img/Arched_Eyebrows 0.0
wandb:           final_scores/downstream_lr/aggregated/img/Attractive 0.0
wandb:      final_scores/downstream_lr/aggregated/img/Bags_Under_Eyes 0.0
wandb:                 final_scores/downstream_lr/aggregated/img/Bald 0.0
wandb:                final_scores/downstream_lr/aggregated/img/Bangs 0.0
wandb:             final_scores/downstream_lr/aggregated/img/Big_Lips 0.0
wandb:             final_scores/downstream_lr/aggregated/img/Big_Nose 0.0
wandb:           final_scores/downstream_lr/aggregated/img/Black_Hair 0.0
wandb:           final_scores/downstream_lr/aggregated/img/Blond_Hair 0.0
wandb:               final_scores/downstream_lr/aggregated/img/Blurry 0.0
wandb:           final_scores/downstream_lr/aggregated/img/Brown_Hair 0.0
wandb:       final_scores/downstream_lr/aggregated/img/Bushy_Eyebrows 0.0
wandb:               final_scores/downstream_lr/aggregated/img/Chubby 0.0
wandb:          final_scores/downstream_lr/aggregated/img/Double_Chin 0.0
wandb:           final_scores/downstream_lr/aggregated/img/Eyeglasses 0.0
wandb:               final_scores/downstream_lr/aggregated/img/Goatee 0.0
wandb:            final_scores/downstream_lr/aggregated/img/Gray_Hair 0.0
wandb:         final_scores/downstream_lr/aggregated/img/Heavy_Makeup 0.0
wandb:      final_scores/downstream_lr/aggregated/img/High_Cheekbones 0.0
wandb:                 final_scores/downstream_lr/aggregated/img/Male 0.0
wandb:  final_scores/downstream_lr/aggregated/img/Mouth_Slightly_Open 0.0
wandb:             final_scores/downstream_lr/aggregated/img/Mustache 0.0
wandb:          final_scores/downstream_lr/aggregated/img/Narrow_Eyes 0.0
wandb:             final_scores/downstream_lr/aggregated/img/No_Beard 0.0
wandb:            final_scores/downstream_lr/aggregated/img/Oval_Face 0.0
wandb:            final_scores/downstream_lr/aggregated/img/Pale_Skin 0.0
wandb:          final_scores/downstream_lr/aggregated/img/Pointy_Nose 0.0
wandb:    final_scores/downstream_lr/aggregated/img/Receding_Hairline 0.0
wandb:          final_scores/downstream_lr/aggregated/img/Rosy_Cheeks 0.0
wandb:            final_scores/downstream_lr/aggregated/img/Sideburns 0.0
wandb:              final_scores/downstream_lr/aggregated/img/Smiling 0.0
wandb:        final_scores/downstream_lr/aggregated/img/Straight_Hair 0.0
wandb:            final_scores/downstream_lr/aggregated/img/Wavy_Hair 0.0
wandb:     final_scores/downstream_lr/aggregated/img/Wearing_Earrings 0.0
wandb:          final_scores/downstream_lr/aggregated/img/Wearing_Hat 0.0
wandb:     final_scores/downstream_lr/aggregated/img/Wearing_Lipstick 0.0
wandb:     final_scores/downstream_lr/aggregated/img/Wearing_Necklace 0.0
wandb:      final_scores/downstream_lr/aggregated/img/Wearing_Necktie 0.0
wandb:                final_scores/downstream_lr/aggregated/img/Young 0.0
wandb:                     final_scores/downstream_lr/aggregated/text 0.0
wandb:    final_scores/downstream_lr/aggregated/text/5_o_Clock_Shadow 0.0
wandb:     final_scores/downstream_lr/aggregated/text/Arched_Eyebrows 0.0
wandb:          final_scores/downstream_lr/aggregated/text/Attractive 0.0
wandb:     final_scores/downstream_lr/aggregated/text/Bags_Under_Eyes 0.0
wandb:                final_scores/downstream_lr/aggregated/text/Bald 0.0
wandb:               final_scores/downstream_lr/aggregated/text/Bangs 0.0
wandb:            final_scores/downstream_lr/aggregated/text/Big_Lips 0.0
wandb:            final_scores/downstream_lr/aggregated/text/Big_Nose 0.0
wandb:          final_scores/downstream_lr/aggregated/text/Black_Hair 0.0
wandb:          final_scores/downstream_lr/aggregated/text/Blond_Hair 0.0
wandb:              final_scores/downstream_lr/aggregated/text/Blurry 0.0
wandb:          final_scores/downstream_lr/aggregated/text/Brown_Hair 0.0
wandb:      final_scores/downstream_lr/aggregated/text/Bushy_Eyebrows 0.0
wandb:              final_scores/downstream_lr/aggregated/text/Chubby 0.0
wandb:         final_scores/downstream_lr/aggregated/text/Double_Chin 0.0
wandb:          final_scores/downstream_lr/aggregated/text/Eyeglasses 0.0
wandb:              final_scores/downstream_lr/aggregated/text/Goatee 0.0
wandb:           final_scores/downstream_lr/aggregated/text/Gray_Hair 0.0
wandb:        final_scores/downstream_lr/aggregated/text/Heavy_Makeup 0.0
wandb:     final_scores/downstream_lr/aggregated/text/High_Cheekbones 0.0
wandb:                final_scores/downstream_lr/aggregated/text/Male 0.0
wandb: final_scores/downstream_lr/aggregated/text/Mouth_Slightly_Open 0.0
wandb:            final_scores/downstream_lr/aggregated/text/Mustache 0.0
wandb:         final_scores/downstream_lr/aggregated/text/Narrow_Eyes 0.0
wandb:            final_scores/downstream_lr/aggregated/text/No_Beard 0.0
wandb:           final_scores/downstream_lr/aggregated/text/Oval_Face 0.0
wandb:           final_scores/downstream_lr/aggregated/text/Pale_Skin 0.0
wandb:         final_scores/downstream_lr/aggregated/text/Pointy_Nose 0.0
wandb:   final_scores/downstream_lr/aggregated/text/Receding_Hairline 0.0
wandb:         final_scores/downstream_lr/aggregated/text/Rosy_Cheeks 0.0
wandb:           final_scores/downstream_lr/aggregated/text/Sideburns 0.0
wandb:             final_scores/downstream_lr/aggregated/text/Smiling 0.0
wandb:       final_scores/downstream_lr/aggregated/text/Straight_Hair 0.0
wandb:           final_scores/downstream_lr/aggregated/text/Wavy_Hair 0.0
wandb:    final_scores/downstream_lr/aggregated/text/Wearing_Earrings 0.0
wandb:         final_scores/downstream_lr/aggregated/text/Wearing_Hat 0.0
wandb:    final_scores/downstream_lr/aggregated/text/Wearing_Lipstick 0.0
wandb:    final_scores/downstream_lr/aggregated/text/Wearing_Necklace 0.0
wandb:     final_scores/downstream_lr/aggregated/text/Wearing_Necktie 0.0
wandb:               final_scores/downstream_lr/aggregated/text/Young 0.0
wandb:                        final_scores/downstream_lr/unimodal/img 0.0
wandb:       final_scores/downstream_lr/unimodal/img/5_o_Clock_Shadow 0.0
wandb:        final_scores/downstream_lr/unimodal/img/Arched_Eyebrows 0.0
wandb:             final_scores/downstream_lr/unimodal/img/Attractive 0.0
wandb:        final_scores/downstream_lr/unimodal/img/Bags_Under_Eyes 0.0
wandb:                   final_scores/downstream_lr/unimodal/img/Bald 0.0
wandb:                  final_scores/downstream_lr/unimodal/img/Bangs 0.0
wandb:               final_scores/downstream_lr/unimodal/img/Big_Lips 0.0
wandb:               final_scores/downstream_lr/unimodal/img/Big_Nose 0.0
wandb:             final_scores/downstream_lr/unimodal/img/Black_Hair 0.0
wandb:             final_scores/downstream_lr/unimodal/img/Blond_Hair 0.0
wandb:                 final_scores/downstream_lr/unimodal/img/Blurry 0.0
wandb:             final_scores/downstream_lr/unimodal/img/Brown_Hair 0.0
wandb:         final_scores/downstream_lr/unimodal/img/Bushy_Eyebrows 0.0
wandb:                 final_scores/downstream_lr/unimodal/img/Chubby 0.0
wandb:            final_scores/downstream_lr/unimodal/img/Double_Chin 0.0
wandb:             final_scores/downstream_lr/unimodal/img/Eyeglasses 0.0
wandb:                 final_scores/downstream_lr/unimodal/img/Goatee 0.0
wandb:              final_scores/downstream_lr/unimodal/img/Gray_Hair 0.0
wandb:           final_scores/downstream_lr/unimodal/img/Heavy_Makeup 0.0
wandb:        final_scores/downstream_lr/unimodal/img/High_Cheekbones 0.0
wandb:                   final_scores/downstream_lr/unimodal/img/Male 0.0
wandb:    final_scores/downstream_lr/unimodal/img/Mouth_Slightly_Open 0.0
wandb:               final_scores/downstream_lr/unimodal/img/Mustache 0.0
wandb:            final_scores/downstream_lr/unimodal/img/Narrow_Eyes 0.0
wandb:               final_scores/downstream_lr/unimodal/img/No_Beard 0.0
wandb:              final_scores/downstream_lr/unimodal/img/Oval_Face 0.0
wandb:              final_scores/downstream_lr/unimodal/img/Pale_Skin 0.0
wandb:            final_scores/downstream_lr/unimodal/img/Pointy_Nose 0.0
wandb:      final_scores/downstream_lr/unimodal/img/Receding_Hairline 0.0
wandb:            final_scores/downstream_lr/unimodal/img/Rosy_Cheeks 0.0
wandb:              final_scores/downstream_lr/unimodal/img/Sideburns 0.0
wandb:                final_scores/downstream_lr/unimodal/img/Smiling 0.0
wandb:          final_scores/downstream_lr/unimodal/img/Straight_Hair 0.0
wandb:              final_scores/downstream_lr/unimodal/img/Wavy_Hair 0.0
wandb:       final_scores/downstream_lr/unimodal/img/Wearing_Earrings 0.0
wandb:            final_scores/downstream_lr/unimodal/img/Wearing_Hat 0.0
wandb:       final_scores/downstream_lr/unimodal/img/Wearing_Lipstick 0.0
wandb:       final_scores/downstream_lr/unimodal/img/Wearing_Necklace 0.0
wandb:        final_scores/downstream_lr/unimodal/img/Wearing_Necktie 0.0
wandb:                  final_scores/downstream_lr/unimodal/img/Young 0.0
wandb:                       final_scores/downstream_lr/unimodal/text 0.0
wandb:      final_scores/downstream_lr/unimodal/text/5_o_Clock_Shadow 0.0
wandb:       final_scores/downstream_lr/unimodal/text/Arched_Eyebrows 0.0
wandb:            final_scores/downstream_lr/unimodal/text/Attractive 0.0
wandb:       final_scores/downstream_lr/unimodal/text/Bags_Under_Eyes 0.0
wandb:                  final_scores/downstream_lr/unimodal/text/Bald 0.0
wandb:                 final_scores/downstream_lr/unimodal/text/Bangs 0.0
wandb:              final_scores/downstream_lr/unimodal/text/Big_Lips 0.0
wandb:              final_scores/downstream_lr/unimodal/text/Big_Nose 0.0
wandb:            final_scores/downstream_lr/unimodal/text/Black_Hair 0.0
wandb:            final_scores/downstream_lr/unimodal/text/Blond_Hair 0.0
wandb:                final_scores/downstream_lr/unimodal/text/Blurry 0.0
wandb:            final_scores/downstream_lr/unimodal/text/Brown_Hair 0.0
wandb:        final_scores/downstream_lr/unimodal/text/Bushy_Eyebrows 0.0
wandb:                final_scores/downstream_lr/unimodal/text/Chubby 0.0
wandb:           final_scores/downstream_lr/unimodal/text/Double_Chin 0.0
wandb:            final_scores/downstream_lr/unimodal/text/Eyeglasses 0.0
wandb:                final_scores/downstream_lr/unimodal/text/Goatee 0.0
wandb:             final_scores/downstream_lr/unimodal/text/Gray_Hair 0.0
wandb:          final_scores/downstream_lr/unimodal/text/Heavy_Makeup 0.0
wandb:       final_scores/downstream_lr/unimodal/text/High_Cheekbones 0.0
wandb:                  final_scores/downstream_lr/unimodal/text/Male 0.0
wandb:   final_scores/downstream_lr/unimodal/text/Mouth_Slightly_Open 0.0
wandb:              final_scores/downstream_lr/unimodal/text/Mustache 0.0
wandb:           final_scores/downstream_lr/unimodal/text/Narrow_Eyes 0.0
wandb:              final_scores/downstream_lr/unimodal/text/No_Beard 0.0
wandb:             final_scores/downstream_lr/unimodal/text/Oval_Face 0.0
wandb:             final_scores/downstream_lr/unimodal/text/Pale_Skin 0.0
wandb:           final_scores/downstream_lr/unimodal/text/Pointy_Nose 0.0
wandb:     final_scores/downstream_lr/unimodal/text/Receding_Hairline 0.0
wandb:           final_scores/downstream_lr/unimodal/text/Rosy_Cheeks 0.0
wandb:             final_scores/downstream_lr/unimodal/text/Sideburns 0.0
wandb:               final_scores/downstream_lr/unimodal/text/Smiling 0.0
wandb:         final_scores/downstream_lr/unimodal/text/Straight_Hair 0.0
wandb:             final_scores/downstream_lr/unimodal/text/Wavy_Hair 0.0
wandb:      final_scores/downstream_lr/unimodal/text/Wearing_Earrings 0.0
wandb:           final_scores/downstream_lr/unimodal/text/Wearing_Hat 0.0
wandb:      final_scores/downstream_lr/unimodal/text/Wearing_Lipstick 0.0
wandb:      final_scores/downstream_lr/unimodal/text/Wearing_Necklace 0.0
wandb:       final_scores/downstream_lr/unimodal/text/Wearing_Necktie 0.0
wandb:                 final_scores/downstream_lr/unimodal/text/Young 0.0
wandb:                                          final_scores/rec_loss 6350.02148
wandb:                                            train/loss/klds_avg 2626.32812
wandb:                                                train/loss/loss 9212.44922
wandb:                                            train/loss/loss_rec 6586.12061
wandb:                                        train/loss/rec_loss_img -5911.40869
wandb:                                       train/loss/rec_loss_text -42.16949
wandb:                               train/loss/weighted_rec_loss_img -5911.40869
wandb:                              train/loss/weighted_rec_loss_text -674.71191
wandb:                                            trainer/global_step 53381
wandb:                                    val/loss/avg_rec_loss_epoch 6350.02148
wandb:                                              val/loss/klds_avg 2630.08911
wandb:                                                  val/loss/loss 8980.11328
wandb:                                              val/loss/loss_rec 6350.02148
wandb:                                          val/loss/rec_loss_img -5865.75586
wandb:                                         val/loss/rec_loss_text -30.26665
wandb:                                 val/loss/weighted_rec_loss_img -5865.75586
wandb:                                val/loss/weighted_rec_loss_text -484.26633
wandb: 
wandb: 🚀 View run devout-energy-68 at: https://wandb.ai/eso18-imperial-college-london/mvvae_celeba/runs/lgvti7d0
wandb: Synced 6 W&B file(s), 0 media file(s), 0 artifact file(s) and 0 other file(s)
wandb: Find logs at: ./run_celeba/logs/wandb/run-20260128_145130-lgvti7d0/logs
